// Jest Snapshot v1, https://goo.gl/fbAQLP

exports[`App renders correctly and matches snapshot 1`] = `null`;
